{"timestamp": "2026-09-12T20:18:01.240397+00:00", "level": "INFO", "logger": "collector", "message": "backfill_gold_history starting", "context": {"symbol": "XAUUSD"}}
{"timestamp": "2026-09-12T20:18:01.457033+00:00", "level": "WARNING", "logger": "collector", "message": "FROZEN BACKFILL WINDOW FOR THIS RUN", "context": {"requested_start_beirut": "2024-03-01T00:00:00", "requested_start_utc": "2024-02-29T22:00:00+00:00", "requested_end_utc": "2026-09-12T20:18:01.457033+00:00"}}
{"timestamp": "2026-09-12T20:18:01.457033+00:00", "level": "WARNING", "logger": "collector.backfill_gold_history", "message": "GOLD BACKFILL RUN STARTING", "context": {"symbol": "XAUUSD", "requested_start_utc": "2024-02-29T22:00:00+00:00", "requested_end_utc": "2026-09-12T20:18:01.457033+00:00"}}
{"timestamp": "2026-09-12T20:18:01.458034+00:00", "level": "WARNING", "logger": "collector.backfill_gold_history", "message": "INSTRUMENT VERIFICATION", "context": {"login": 5055783885, "server": "MetaQuotes-Demo", "account_trade_mode": 0, "symbol": "XAUUSD", "path": "Metals\\XAUUSD", "description": "Gold vs US Dollar", "currency_base": "XAU", "currency_profit": "USD", "currency_margin": "USD", "has_real_expiration": false, "expiration_time": null, "non_usd_currencies": []}}
{"timestamp": "2026-09-12T20:18:03.682997+00:00", "level": "INFO", "logger": "collector.backfill_gold_history", "message": "symbol metadata pushed", "context": {"symbol": "XAUUSD"}}
{"timestamp": "2026-09-12T20:18:03.683526+00:00", "level": "INFO", "logger": "collector.backfill_gold_history", "message": "warm-up fetch", "context": {"timeframe": "M5", "window_days": 2, "bars_found": 1, "target_bars": 78, "attempt": 0}}
{"timestamp": "2026-09-12T20:18:03.684032+00:00", "level": "WARNING", "logger": "collector.backfill_gold_history", "message": "warm-up short of the true target \u2014 doubling the window and retrying", "context": {"timeframe": "M5", "bars_found": 1, "target_bars": 78, "old_window_days": 2, "new_window_days": 4}}
{"timestamp": "2026-09-12T20:18:03.684060+00:00", "level": "INFO", "logger": "collector.backfill_gold_history", "message": "warm-up fetch", "context": {"timeframe": "M5", "window_days": 4, "bars_found": 1, "target_bars": 78, "attempt": 1}}
{"timestamp": "2026-09-12T20:18:03.684060+00:00", "level": "WARNING", "logger": "collector.backfill_gold_history", "message": "warm-up short of the true target \u2014 doubling the window and retrying", "context": {"timeframe": "M5", "bars_found": 1, "target_bars": 78, "old_window_days": 4, "new_window_days": 8}}
{"timestamp": "2026-09-12T20:18:03.684604+00:00", "level": "INFO", "logger": "collector.backfill_gold_history", "message": "warm-up fetch", "context": {"timeframe": "M5", "window_days": 8, "bars_found": 1, "target_bars": 78, "attempt": 2}}
{"timestamp": "2026-09-12T20:18:03.684604+00:00", "level": "WARNING", "logger": "collector.backfill_gold_history", "message": "warm-up short of the true target \u2014 doubling the window and retrying", "context": {"timeframe": "M5", "bars_found": 1, "target_bars": 78, "old_window_days": 8, "new_window_days": 16}}
{"timestamp": "2026-09-12T20:18:03.684604+00:00", "level": "INFO", "logger": "collector.backfill_gold_history", "message": "warm-up fetch", "context": {"timeframe": "M5", "window_days": 16, "bars_found": 1, "target_bars": 78, "attempt": 3}}
{"timestamp": "2026-09-12T20:18:03.685140+00:00", "level": "WARNING", "logger": "collector.backfill_gold_history", "message": "warm-up short of the true target \u2014 doubling the window and retrying", "context": {"timeframe": "M5", "bars_found": 1, "target_bars": 78, "old_window_days": 16, "new_window_days": 32}}
{"timestamp": "2026-09-12T20:18:03.685140+00:00", "level": "INFO", "logger": "collector.backfill_gold_history", "message": "warm-up fetch", "context": {"timeframe": "M5", "window_days": 32, "bars_found": 2, "target_bars": 78, "attempt": 4}}
{"timestamp": "2026-09-12T20:18:03.685140+00:00", "level": "WARNING", "logger": "collector.backfill_gold_history", "message": "warm-up short of the true target \u2014 doubling the window and retrying", "context": {"timeframe": "M5", "bars_found": 2, "target_bars": 78, "old_window_days": 32, "new_window_days": 64}}
{"timestamp": "2026-09-12T20:18:03.685671+00:00", "level": "INFO", "logger": "collector.backfill_gold_history", "message": "warm-up fetch", "context": {"timeframe": "M5", "window_days": 64, "bars_found": 3, "target_bars": 78, "attempt": 5}}
{"timestamp": "2026-09-12T20:18:03.686203+00:00", "level": "WARNING", "logger": "collector.backfill_gold_history", "message": "warm-up short of the true target \u2014 doubling the window and retrying", "context": {"timeframe": "M5", "bars_found": 3, "target_bars": 78, "old_window_days": 64, "new_window_days": 128}}
{"timestamp": "2026-09-12T20:18:03.686732+00:00", "level": "INFO", "logger": "collector.backfill_gold_history", "message": "warm-up fetch", "context": {"timeframe": "M5", "window_days": 128, "bars_found": 5, "target_bars": 78, "attempt": 6}}
{"timestamp": "2026-09-12T20:18:03.686732+00:00", "level": "ERROR", "logger": "collector.backfill_gold_history", "message": "warm-up never reached the true target even after the maximum doublings", "context": {"timeframe": "M5", "bars_found": 5, "target_bars": 78}}
{"timestamp": "2026-09-12T20:18:03.891528+00:00", "level": "ERROR", "logger": "collector.backfill_gold_history", "message": "warm-up push failed", "context": {"timeframe": "M5", "error": "POST /collector/candles returned 500: {\"statusCode\":500,\"message\":\"Internal server error\"}"}}
{"timestamp": "2026-09-12T20:20:08.080062+00:00", "level": "INFO", "logger": "collector.backfill_gold_history", "message": "warm-up fetch", "context": {"timeframe": "M15", "window_days": 5, "bars_found": 361, "target_bars": 78, "attempt": 0}}
{"timestamp": "2026-09-12T20:21:28.683128+00:00", "level": "INFO", "logger": "collector.backfill_gold_history", "message": "warm-up fetch", "context": {"timeframe": "M30", "window_days": 10, "bars_found": 365, "target_bars": 78, "attempt": 0}}
{"timestamp": "2026-09-12T20:22:04.292840+00:00", "level": "INFO", "logger": "collector.backfill_gold_history", "message": "warm-up fetch", "context": {"timeframe": "H1", "window_days": 30, "bars_found": 505, "target_bars": 78, "attempt": 0}}
{"timestamp": "2026-09-12T20:22:44.949029+00:00", "level": "INFO", "logger": "collector.backfill_gold_history", "message": "warm-up fetch", "context": {"timeframe": "H4", "window_days": 400, "bars_found": 1698, "target_bars": 1000, "attempt": 0}}
{"timestamp": "2026-09-12T20:23:45.413756+00:00", "level": "INFO", "logger": "collector.backfill_gold_history", "message": "warm-up fetch", "context": {"timeframe": "D1", "window_days": 500, "bars_found": 353, "target_bars": 78, "attempt": 0}}
{"timestamp": "2026-09-12T20:26:05.043485+00:00", "level": "INFO", "logger": "collector.backfill_gold_history", "message": "warm-up fetch", "context": {"timeframe": "W1", "window_days": 1095, "bars_found": 156, "target_bars": 78, "attempt": 0}}
{"timestamp": "2026-09-12T20:30:32.955284+00:00", "level": "WARNING", "logger": "collector.mt5_client", "message": "copy_rates_range returned None", "context": {"symbol": "XAUUSD", "timeframe": "MN1", "mt5_error": "Terminal: Call failed"}}
{"timestamp": "2026-09-12T20:36:42.884025+00:00", "level": "INFO", "logger": "collector.backfill_gold_history", "message": "warm-up fetch", "context": {"timeframe": "MN1", "window_days": 3650, "bars_found": 118, "target_bars": 78, "attempt": 0}}
{"timestamp": "2026-09-12T20:36:45.660843+00:00", "level": "ERROR", "logger": "collector.backfill_gold_history", "message": "warm-up push failed", "context": {"timeframe": "MN1", "error": "POST /collector/candles returned 404: \n              <pre>missing required error components, refreshing...</pre>\n              <script>\n                async function check() {\n                  const res = await fetch(location.href).catch(() => ({}))\n\n                  if (res.status === 200) {\n                    location.reload()\n                  } else {\n                    setTimeout(check, 1000)\n                  }\n                }\n                check()\n              </script>"}}
{"timestamp": "2026-09-12T20:36:45.727846+00:00", "level": "ERROR", "logger": "collector.backfill_gold_history", "message": "failed to write backfill-interval ledger row", "context": {"data_type": "CANDLE", "timeframe": "MN1", "status": "FAILED", "error": "POST /collector/backfill-intervals returned 404: \n              <pre>missing required error components, refreshing...</pre>\n              <script>\n                async function check() {\n                  const res = await fetch(location.href).catch(() => ({}))\n\n                  if (res.status === 200) {\n                    location.reload()\n                  } else {\n                    setTimeout(check, 1000)\n                  }\n                }\n                check()\n              </script>"}}
{"timestamp": "2026-09-12T20:36:45.791869+00:00", "level": "WARNING", "logger": "collector.backfill_gold_history", "message": "could not fetch existing backfill-interval coverage, assuming none", "context": {"data_type": "CANDLE", "timeframe": "MN1", "error": "GET /collector/backfill-intervals?symbol=XAUUSD&dataType=CANDLE&timeframe=MN1&status=COMPLETED returned 404: \n              <pre>missing required error components, refreshing...</pre>\n              <script>\n                async function check() {\n                  const res = await fetch(location.href).catch(() => ({}))\n\n                  if (res.status === 200) {\n                    location.reload()\n                  } else {\n                    setTimeout(check, 1000)\n                  }\n                }\n                check()\n              </script>"}}
{"timestamp": "2026-09-12T20:36:45.949753+00:00", "level": "ERROR", "logger": "collector.backfill_gold_history", "message": "failed to write backfill-interval ledger row", "context": {"data_type": "CANDLE", "timeframe": "MN1", "status": "INCOMPLETE", "error": "POST /collector/backfill-intervals returned 404: \n              <pre>missing required error components, refreshing...</pre>\n              <script>\n                async function check() {\n                  const res = await fetch(location.href).catch(() => ({}))\n\n                  if (res.status === 200) {\n                    location.reload()\n                  } else {\n                    setTimeout(check, 1000)\n                  }\n                }\n                check()\n              </script>"}}
{"timestamp": "2026-09-12T20:36:45.950313+00:00", "level": "ERROR", "logger": "collector.backfill_gold_history", "message": "STOPPING CLEANLY \u2014 resource safety margin breached", "context": {"reason": "could not check backend storage health: GET /collector/storage-health returned 404: \n              <pre>missing required error components, refreshing...</pre>\n              <script>\n                async function check() {\n                  const res = await fetch(location.href).catch(() => ({}))\n\n                  if (res.status === 200) {\n                    location.reload()\n                  } else {\n                    setTimeout(check, 1000)\n                  }\n                }\n                check()\n              </script>", "timeframe": "MN1", "chunk_start": "2024-02-01T00:00:00+00:00", "chunk_end": "2024-03-02T00:00:00+00:00"}}
========================================================================
GOLD BACKFILL SUMMARY — symbol=XAUUSD
Requested range: 2024-02-29T22:00:00+00:00 -> 2026-09-12T20:18:01.457033+00:00
Frozen end timestamp (this run): 2026-09-12T20:18:01.457033+00:00
  CANDLE M5: {'WARM_UP:FAILED': 1, 'FAILED': 31}
  CANDLE M15: {'WARM_UP:COMPLETED': 1, 'COMPLETED': 31}
  CANDLE M30: {'WARM_UP:COMPLETED': 1, 'COMPLETED': 31}
  CANDLE H1: {'WARM_UP:COMPLETED': 1, 'COMPLETED': 31}
  CANDLE H4: {'WARM_UP:COMPLETED': 1, 'COMPLETED': 31}
  CANDLE D1: {'WARM_UP:COMPLETED': 1, 'COMPLETED': 31}
  CANDLE W1: {'WARM_UP:COMPLETED': 1, 'COMPLETED': 31}
  CANDLE MN1: {'WARM_UP:FAILED': 1, 'INCOMPLETE': 1}
  CANDLE M1: (nothing to do)
  TICK: (nothing to do)
STOPPED EARLY — a resource safety margin was breached; see logs for details.
========================================================================
{"timestamp": "2026-09-12T20:36:45.953262+00:00", "level": "INFO", "logger": "collector.backfill_gold_history", "message": "backfill summary", "context": {"summary": {"CANDLE:M5": {"WARM_UP:FAILED": 1, "FAILED": 31}, "CANDLE:M15": {"WARM_UP:COMPLETED": 1, "COMPLETED": 31}, "CANDLE:M30": {"WARM_UP:COMPLETED": 1, "COMPLETED": 31}, "CANDLE:H1": {"WARM_UP:COMPLETED": 1, "COMPLETED": 31}, "CANDLE:H4": {"WARM_UP:COMPLETED": 1, "COMPLETED": 31}, "CANDLE:D1": {"WARM_UP:COMPLETED": 1, "COMPLETED": 31}, "CANDLE:W1": {"WARM_UP:COMPLETED": 1, "COMPLETED": 31}, "CANDLE:MN1": {"WARM_UP:FAILED": 1, "INCOMPLETE": 1}}, "stopped_for_resources": true}}
