{"timestamp": "2026-09-13T10:08:23.246194+00:00", "level": "INFO", "logger": "collector", "message": "backfill_gold_history starting", "context": {"symbol": "XAUUSD"}}
{"timestamp": "2026-09-13T10:08:23.895342+00:00", "level": "WARNING", "logger": "collector", "message": "FROZEN BACKFILL WINDOW FOR THIS RUN", "context": {"requested_start_beirut": "2024-03-01T00:00:00", "requested_start_utc": "2024-02-29T22:00:00+00:00", "requested_end_utc": "2026-09-13T10:08:23.894339+00:00"}}
{"timestamp": "2026-09-13T10:08:23.895342+00:00", "level": "WARNING", "logger": "collector.backfill_gold_history", "message": "GOLD BACKFILL RUN STARTING", "context": {"symbol": "XAUUSD", "requested_start_utc": "2024-02-29T22:00:00+00:00", "requested_end_utc": "2026-09-13T10:08:23.894339+00:00"}}
{"timestamp": "2026-09-13T10:08:23.897340+00:00", "level": "WARNING", "logger": "collector.backfill_gold_history", "message": "INSTRUMENT VERIFICATION", "context": {"login": 5055783885, "server": "MetaQuotes-Demo", "account_trade_mode": 0, "symbol": "XAUUSD", "path": "Metals\\XAUUSD", "description": "Gold vs US Dollar", "currency_base": "XAU", "currency_profit": "USD", "currency_margin": "USD", "has_real_expiration": false, "expiration_time": null, "non_usd_currencies": []}}
{"timestamp": "2026-09-13T10:08:26.311517+00:00", "level": "INFO", "logger": "collector.backfill_gold_history", "message": "symbol metadata pushed", "context": {"symbol": "XAUUSD"}}
{"timestamp": "2026-09-13T10:08:27.698310+00:00", "level": "INFO", "logger": "collector.backfill_gold_history", "message": "warm-up fetch", "context": {"timeframe": "M5", "window_days": 2, "bars_found": 552, "raw_rows_returned": 553, "target_bars": 78, "attempt": 0}}
{"timestamp": "2026-09-13T10:09:07.247308+00:00", "level": "INFO", "logger": "collector.backfill_gold_history", "message": "warm-up fetch", "context": {"timeframe": "M15", "window_days": 5, "bars_found": 360, "raw_rows_returned": 361, "target_bars": 78, "attempt": 0}}
{"timestamp": "2026-09-13T10:09:08.650135+00:00", "level": "INFO", "logger": "collector.backfill_gold_history", "message": "warm-up fetch", "context": {"timeframe": "M30", "window_days": 10, "bars_found": 364, "raw_rows_returned": 365, "target_bars": 78, "attempt": 0}}
{"timestamp": "2026-09-13T10:09:09.634430+00:00", "level": "INFO", "logger": "collector.backfill_gold_history", "message": "warm-up fetch", "context": {"timeframe": "H1", "window_days": 30, "bars_found": 504, "raw_rows_returned": 505, "target_bars": 78, "attempt": 0}}
{"timestamp": "2026-09-13T10:09:10.666687+00:00", "level": "INFO", "logger": "collector.backfill_gold_history", "message": "warm-up fetch", "context": {"timeframe": "H4", "window_days": 400, "bars_found": 1698, "raw_rows_returned": 1698, "target_bars": 1000, "attempt": 0}}
{"timestamp": "2026-09-13T10:09:11.766109+00:00", "level": "INFO", "logger": "collector.backfill_gold_history", "message": "warm-up fetch", "context": {"timeframe": "D1", "window_days": 500, "bars_found": 353, "raw_rows_returned": 353, "target_bars": 78, "attempt": 0}}
{"timestamp": "2026-09-13T10:09:12.578064+00:00", "level": "INFO", "logger": "collector.backfill_gold_history", "message": "warm-up fetch", "context": {"timeframe": "W1", "window_days": 1095, "bars_found": 156, "raw_rows_returned": 156, "target_bars": 78, "attempt": 0}}
{"timestamp": "2026-09-13T10:09:13.844283+00:00", "level": "INFO", "logger": "collector.backfill_gold_history", "message": "re-checking an EMPTY_UNCONFIRMED candle interval (one independent second attempt)", "context": {"timeframe": "W1", "range_start": "2026-09-13T00:00:00+00:00", "range_end": "2026-09-13T10:08:23.894339+00:00"}}
{"timestamp": "2026-09-13T10:09:14.255179+00:00", "level": "INFO", "logger": "collector.backfill_gold_history", "message": "warm-up fetch", "context": {"timeframe": "MN1", "window_days": 3650, "bars_found": 119, "raw_rows_returned": 119, "target_bars": 78, "attempt": 0}}
{"timestamp": "2026-09-13T10:09:14.963294+00:00", "level": "INFO", "logger": "collector.backfill_gold_history", "message": "re-checking an EMPTY_UNCONFIRMED candle interval (one independent second attempt)", "context": {"timeframe": "MN1", "range_start": "2026-08-19T00:00:00+00:00", "range_end": "2026-09-13T10:08:23.894339+00:00"}}
{"timestamp": "2026-09-13T10:09:15.275354+00:00", "level": "INFO", "logger": "collector.backfill_gold_history", "message": "skipping warm-up \u2014 no indicator in this project ever uses this timeframe", "context": {"timeframe": "M1"}}
{"timestamp": "2026-09-13T10:15:28.524454+00:00", "level": "WARNING", "logger": "collector.mt5_client", "message": "copy_ticks_range returned None", "context": {"symbol": "XAUUSD", "mt5_error": "Terminal: Call failed"}}
{"timestamp": "2026-09-13T10:15:28.524454+00:00", "level": "WARNING", "logger": "collector.backfill_gold_history", "message": "REPRESENTATIVE TICK DAY MEASURED", "context": {"date": "2024-02-29", "row_count": 0, "elapsed_seconds": 106.01}}
{"timestamp": "2026-09-13T10:17:17.409759+00:00", "level": "WARNING", "logger": "collector.mt5_client", "message": "copy_ticks_range returned None", "context": {"symbol": "XAUUSD", "mt5_error": "Terminal: Call failed"}}
{"timestamp": "2026-09-13T10:17:19.671352+00:00", "level": "INFO", "logger": "collector.backfill_gold_history", "message": "re-checking an EMPTY_UNCONFIRMED tick interval (one independent second attempt)", "context": {"range_start": "2024-02-29T22:00:00+00:00", "range_end": "2024-03-01T22:00:00+00:00"}}
{"timestamp": "2026-09-13T10:19:06.052249+00:00", "level": "WARNING", "logger": "collector.mt5_client", "message": "copy_ticks_range returned None", "context": {"symbol": "XAUUSD", "mt5_error": "Terminal: Call failed"}}
{"timestamp": "2026-09-13T10:20:55.315697+00:00", "level": "WARNING", "logger": "collector.mt5_client", "message": "copy_ticks_range returned None", "context": {"symbol": "XAUUSD", "mt5_error": "Terminal: Call failed"}}
{"timestamp": "2026-09-13T10:20:57.530305+00:00", "level": "INFO", "logger": "collector.backfill_gold_history", "message": "re-checking an EMPTY_UNCONFIRMED tick interval (one independent second attempt)", "context": {"range_start": "2024-03-01T22:00:00+00:00", "range_end": "2024-03-02T22:00:00+00:00"}}
{"timestamp": "2026-09-13T10:22:44.092808+00:00", "level": "WARNING", "logger": "collector.mt5_client", "message": "copy_ticks_range returned None", "context": {"symbol": "XAUUSD", "mt5_error": "Terminal: Call failed"}}
{"timestamp": "2026-09-13T10:24:33.433044+00:00", "level": "WARNING", "logger": "collector.mt5_client", "message": "copy_ticks_range returned None", "context": {"symbol": "XAUUSD", "mt5_error": "Terminal: Call failed"}}
{"timestamp": "2026-09-13T10:24:35.706919+00:00", "level": "INFO", "logger": "collector.backfill_gold_history", "message": "re-checking an EMPTY_UNCONFIRMED tick interval (one independent second attempt)", "context": {"range_start": "2024-03-02T22:00:00+00:00", "range_end": "2024-03-03T22:00:00+00:00"}}
{"timestamp": "2026-09-13T10:26:22.782103+00:00", "level": "WARNING", "logger": "collector.mt5_client", "message": "copy_ticks_range returned None", "context": {"symbol": "XAUUSD", "mt5_error": "Terminal: Call failed"}}
{"timestamp": "2026-09-13T10:28:14.022667+00:00", "level": "WARNING", "logger": "collector.mt5_client", "message": "copy_ticks_range returned None", "context": {"symbol": "XAUUSD", "mt5_error": "Terminal: Call failed"}}
{"timestamp": "2026-09-13T10:28:16.593511+00:00", "level": "INFO", "logger": "collector.backfill_gold_history", "message": "re-checking an EMPTY_UNCONFIRMED tick interval (one independent second attempt)", "context": {"range_start": "2024-03-03T22:00:00+00:00", "range_end": "2024-03-04T22:00:00+00:00"}}
{"timestamp": "2026-09-13T10:30:03.353861+00:00", "level": "WARNING", "logger": "collector.mt5_client", "message": "copy_ticks_range returned None", "context": {"symbol": "XAUUSD", "mt5_error": "Terminal: Call failed"}}
