{"timestamp": "2026-09-12T20:10:34.951114+00:00", "level": "INFO", "logger": "collector", "message": "backfill_gold_history starting", "context": {"symbol": "XAUUSD"}}
{"timestamp": "2026-09-12T20:10:35.167772+00:00", "level": "WARNING", "logger": "collector", "message": "FROZEN BACKFILL WINDOW FOR THIS RUN", "context": {"requested_start_beirut": "2024-03-01T00:00:00", "requested_start_utc": "2024-02-29T22:00:00+00:00", "requested_end_utc": "2026-09-12T20:10:35.167772+00:00"}}
{"timestamp": "2026-09-12T20:10:35.168767+00:00", "level": "WARNING", "logger": "collector.backfill_gold_history", "message": "GOLD BACKFILL RUN STARTING", "context": {"symbol": "XAUUSD", "requested_start_utc": "2024-02-29T22:00:00+00:00", "requested_end_utc": "2026-09-12T20:10:35.167772+00:00"}}
{"timestamp": "2026-09-12T20:10:35.168767+00:00", "level": "WARNING", "logger": "collector.backfill_gold_history", "message": "INSTRUMENT VERIFICATION", "context": {"login": 5055783885, "server": "MetaQuotes-Demo", "account_trade_mode": 0, "symbol": "XAUUSD", "path": "Metals\\XAUUSD", "description": "Gold vs US Dollar", "currency_base": "XAU", "currency_profit": "USD", "currency_margin": "USD", "has_real_expiration": false, "expiration_time": null, "non_usd_currencies": []}}
{"timestamp": "2026-09-12T20:10:38.796737+00:00", "level": "ERROR", "logger": "collector.backfill_gold_history", "message": "symbol-metadata push failed", "context": {"symbol": "XAUUSD", "error": "POST /collector/symbol-metadata returned 404: <!DOCTYPE html><html><head><style data-next-hide-fouc=\"true\">body{display:none}</style><noscript data-next-hide-fouc=\"true\"><style>body{display:block}</style></noscript><meta charSet=\"utf-8\"/><meta name=\"viewport\" content=\"width=device-width\"/><title>404: This page could not be found</title><meta name=\"next-head-count\" content=\"3\"/><noscript data-n-css=\"\"></noscript><script defer=\"\" nomodule=\"\" src=\"/_next/static/chunks/polyfills.js?ts=1789243838646\"></script><script src=\"/_next/static/chunks/we"}}
{"timestamp": "2026-09-12T20:11:38.442631+00:00", "level": "INFO", "logger": "collector.backfill_gold_history", "message": "warm-up fetch", "context": {"timeframe": "M5", "window_days": 2, "bars_found": 1, "target_bars": 78, "attempt": 0}}
{"timestamp": "2026-09-12T20:11:38.442631+00:00", "level": "WARNING", "logger": "collector.backfill_gold_history", "message": "warm-up short of the true target \u2014 doubling the window and retrying", "context": {"timeframe": "M5", "bars_found": 1, "target_bars": 78, "old_window_days": 2, "new_window_days": 4}}
{"timestamp": "2026-09-12T20:11:38.443631+00:00", "level": "INFO", "logger": "collector.backfill_gold_history", "message": "warm-up fetch", "context": {"timeframe": "M5", "window_days": 4, "bars_found": 1, "target_bars": 78, "attempt": 1}}
{"timestamp": "2026-09-12T20:11:38.443631+00:00", "level": "WARNING", "logger": "collector.backfill_gold_history", "message": "warm-up short of the true target \u2014 doubling the window and retrying", "context": {"timeframe": "M5", "bars_found": 1, "target_bars": 78, "old_window_days": 4, "new_window_days": 8}}
{"timestamp": "2026-09-12T20:11:38.443631+00:00", "level": "INFO", "logger": "collector.backfill_gold_history", "message": "warm-up fetch", "context": {"timeframe": "M5", "window_days": 8, "bars_found": 1, "target_bars": 78, "attempt": 2}}
{"timestamp": "2026-09-12T20:11:38.443631+00:00", "level": "WARNING", "logger": "collector.backfill_gold_history", "message": "warm-up short of the true target \u2014 doubling the window and retrying", "context": {"timeframe": "M5", "bars_found": 1, "target_bars": 78, "old_window_days": 8, "new_window_days": 16}}
{"timestamp": "2026-09-12T20:11:38.443631+00:00", "level": "INFO", "logger": "collector.backfill_gold_history", "message": "warm-up fetch", "context": {"timeframe": "M5", "window_days": 16, "bars_found": 1, "target_bars": 78, "attempt": 3}}
{"timestamp": "2026-09-12T20:11:38.444631+00:00", "level": "WARNING", "logger": "collector.backfill_gold_history", "message": "warm-up short of the true target \u2014 doubling the window and retrying", "context": {"timeframe": "M5", "bars_found": 1, "target_bars": 78, "old_window_days": 16, "new_window_days": 32}}
{"timestamp": "2026-09-12T20:11:38.444631+00:00", "level": "INFO", "logger": "collector.backfill_gold_history", "message": "warm-up fetch", "context": {"timeframe": "M5", "window_days": 32, "bars_found": 2, "target_bars": 78, "attempt": 4}}
{"timestamp": "2026-09-12T20:11:38.444631+00:00", "level": "WARNING", "logger": "collector.backfill_gold_history", "message": "warm-up short of the true target \u2014 doubling the window and retrying", "context": {"timeframe": "M5", "bars_found": 2, "target_bars": 78, "old_window_days": 32, "new_window_days": 64}}
{"timestamp": "2026-09-12T20:11:38.445630+00:00", "level": "INFO", "logger": "collector.backfill_gold_history", "message": "warm-up fetch", "context": {"timeframe": "M5", "window_days": 64, "bars_found": 3, "target_bars": 78, "attempt": 5}}
{"timestamp": "2026-09-12T20:11:38.445630+00:00", "level": "WARNING", "logger": "collector.backfill_gold_history", "message": "warm-up short of the true target \u2014 doubling the window and retrying", "context": {"timeframe": "M5", "bars_found": 3, "target_bars": 78, "old_window_days": 64, "new_window_days": 128}}
{"timestamp": "2026-09-12T20:11:38.446632+00:00", "level": "INFO", "logger": "collector.backfill_gold_history", "message": "warm-up fetch", "context": {"timeframe": "M5", "window_days": 128, "bars_found": 5, "target_bars": 78, "attempt": 6}}
{"timestamp": "2026-09-12T20:11:38.446632+00:00", "level": "ERROR", "logger": "collector.backfill_gold_history", "message": "warm-up never reached the true target even after the maximum doublings", "context": {"timeframe": "M5", "bars_found": 5, "target_bars": 78}}
{"timestamp": "2026-09-12T20:11:38.531876+00:00", "level": "ERROR", "logger": "collector.backfill_gold_history", "message": "warm-up push failed", "context": {"timeframe": "M5", "error": "POST /collector/candles returned 404: <!DOCTYPE html><html><head><style data-next-hide-fouc=\"true\">body{display:none}</style><noscript data-next-hide-fouc=\"true\"><style>body{display:block}</style></noscript><meta charSet=\"utf-8\"/><meta name=\"viewport\" content=\"width=device-width\"/><title>404: This page could not be found</title><meta name=\"next-head-count\" content=\"3\"/><noscript data-n-css=\"\"></noscript><script defer=\"\" nomodule=\"\" src=\"/_next/static/chunks/polyfills.js?ts=1789243898509\"></script><script src=\"/_next/static/chunks/we"}}
{"timestamp": "2026-09-12T20:11:38.603431+00:00", "level": "ERROR", "logger": "collector.backfill_gold_history", "message": "failed to write backfill-interval ledger row", "context": {"data_type": "CANDLE", "timeframe": "M5", "status": "FAILED", "error": "POST /collector/backfill-intervals returned 404: <!DOCTYPE html><html><head><style data-next-hide-fouc=\"true\">body{display:none}</style><noscript data-next-hide-fouc=\"true\"><style>body{display:block}</style></noscript><meta charSet=\"utf-8\"/><meta name=\"viewport\" content=\"width=device-width\"/><title>404: This page could not be found</title><meta name=\"next-head-count\" content=\"3\"/><noscript data-n-css=\"\"></noscript><script defer=\"\" nomodule=\"\" src=\"/_next/static/chunks/polyfills.js?ts=1789243898578\"></script><script src=\"/_next/static/chunks/we"}}
{"timestamp": "2026-09-12T20:11:38.679051+00:00", "level": "WARNING", "logger": "collector.backfill_gold_history", "message": "could not fetch existing backfill-interval coverage, assuming none", "context": {"data_type": "CANDLE", "timeframe": "M5", "error": "GET /collector/backfill-intervals?symbol=XAUUSD&dataType=CANDLE&timeframe=M5&status=COMPLETED returned 404: <!DOCTYPE html><html><head><style data-next-hide-fouc=\"true\">body{display:none}</style><noscript data-next-hide-fouc=\"true\"><style>body{display:block}</style></noscript><meta charSet=\"utf-8\"/><meta name=\"viewport\" content=\"width=device-width\"/><title>404: This page could not be found</title><meta name=\"next-head-count\" content=\"3\"/><noscript data-n-css=\"\"></noscript><script defer=\"\" nomodule=\"\" src=\"/_next/static/chunks/polyfills.js?ts=1789243898656\"></script><script src=\"/_next/static/chunks/we"}}
{"timestamp": "2026-09-12T20:11:38.821190+00:00", "level": "ERROR", "logger": "collector.backfill_gold_history", "message": "failed to write backfill-interval ledger row", "context": {"data_type": "CANDLE", "timeframe": "M5", "status": "INCOMPLETE", "error": "POST /collector/backfill-intervals returned 404: <!DOCTYPE html><html><head><style data-next-hide-fouc=\"true\">body{display:none}</style><noscript data-next-hide-fouc=\"true\"><style>body{display:block}</style></noscript><meta charSet=\"utf-8\"/><meta name=\"viewport\" content=\"width=device-width\"/><title>404: This page could not be found</title><meta name=\"next-head-count\" content=\"3\"/><noscript data-n-css=\"\"></noscript><script defer=\"\" nomodule=\"\" src=\"/_next/static/chunks/polyfills.js?ts=1789243898789\"></script><script src=\"/_next/static/chunks/we"}}
{"timestamp": "2026-09-12T20:11:38.821759+00:00", "level": "ERROR", "logger": "collector.backfill_gold_history", "message": "STOPPING CLEANLY \u2014 resource safety margin breached", "context": {"reason": "could not check backend storage health: GET /collector/storage-health returned 404: <!DOCTYPE html><html><head><style data-next-hide-fouc=\"true\">body{display:none}</style><noscript data-next-hide-fouc=\"true\"><style>body{display:block}</style></noscript><meta charSet=\"utf-8\"/><meta name=\"viewport\" content=\"width=device-width\"/><title>404: This page could not be found</title><meta name=\"next-head-count\" content=\"3\"/><noscript data-n-css=\"\"></noscript><script defer=\"\" nomodule=\"\" src=\"/_next/static/chunks/polyfills.js?ts=1789243898720\"></script><script src=\"/_next/static/chunks/we", "timeframe": "M5", "chunk_start": "2024-02-29T21:55:00+00:00", "chunk_end": "2024-03-30T21:55:00+00:00"}}
========================================================================
GOLD BACKFILL SUMMARY — symbol=XAUUSD
Requested range: 2024-02-29T22:00:00+00:00 -> 2026-09-12T20:10:35.167772+00:00
Frozen end timestamp (this run): 2026-09-12T20:10:35.167772+00:00
  CANDLE M5: {'WARM_UP:FAILED': 1, 'INCOMPLETE': 1}
  CANDLE M15: (nothing to do)
  CANDLE M30: (nothing to do)
  CANDLE H1: (nothing to do)
  CANDLE H4: (nothing to do)
  CANDLE D1: (nothing to do)
  CANDLE W1: (nothing to do)
  CANDLE MN1: (nothing to do)
  CANDLE M1: (nothing to do)
  TICK: (nothing to do)
STOPPED EARLY — a resource safety margin was breached; see logs for details.
========================================================================
{"timestamp": "2026-09-12T20:11:38.822190+00:00", "level": "INFO", "logger": "collector.backfill_gold_history", "message": "backfill summary", "context": {"summary": {"CANDLE:M5": {"WARM_UP:FAILED": 1, "INCOMPLETE": 1}}, "stopped_for_resources": true}}
