{"timestamp": "2026-09-12T20:38:59.482165+00:00", "level": "INFO", "logger": "collector", "message": "backfill_gold_history starting", "context": {"symbol": "XAUUSD"}}
{"timestamp": "2026-09-12T20:39:00.277149+00:00", "level": "WARNING", "logger": "collector", "message": "FROZEN BACKFILL WINDOW FOR THIS RUN", "context": {"requested_start_beirut": "2024-03-01T00:00:00", "requested_start_utc": "2024-02-29T22:00:00+00:00", "requested_end_utc": "2026-09-12T20:39:00.277149+00:00"}}
{"timestamp": "2026-09-12T20:39:00.279694+00:00", "level": "WARNING", "logger": "collector.backfill_gold_history", "message": "GOLD BACKFILL RUN STARTING", "context": {"symbol": "XAUUSD", "requested_start_utc": "2024-02-29T22:00:00+00:00", "requested_end_utc": "2026-09-12T20:39:00.277149+00:00"}}
{"timestamp": "2026-09-12T20:39:00.283679+00:00", "level": "WARNING", "logger": "collector.backfill_gold_history", "message": "INSTRUMENT VERIFICATION", "context": {"login": 5055783885, "server": "MetaQuotes-Demo", "account_trade_mode": 0, "symbol": "XAUUSD", "path": "Metals\\XAUUSD", "description": "Gold vs US Dollar", "currency_base": "XAU", "currency_profit": "USD", "currency_margin": "USD", "has_real_expiration": false, "expiration_time": null, "non_usd_currencies": []}}
{"timestamp": "2026-09-12T20:39:02.568823+00:00", "level": "INFO", "logger": "collector.backfill_gold_history", "message": "symbol metadata pushed", "context": {"symbol": "XAUUSD"}}
{"timestamp": "2026-09-12T20:39:03.135128+00:00", "level": "INFO", "logger": "collector.backfill_gold_history", "message": "warm-up fetch", "context": {"timeframe": "M5", "window_days": 2, "bars_found": 1, "target_bars": 78, "attempt": 0}}
{"timestamp": "2026-09-12T20:39:03.136138+00:00", "level": "WARNING", "logger": "collector.backfill_gold_history", "message": "warm-up short of the true target \u2014 doubling the window and retrying", "context": {"timeframe": "M5", "bars_found": 1, "target_bars": 78, "old_window_days": 2, "new_window_days": 4}}
{"timestamp": "2026-09-12T20:39:03.137145+00:00", "level": "INFO", "logger": "collector.backfill_gold_history", "message": "warm-up fetch", "context": {"timeframe": "M5", "window_days": 4, "bars_found": 1, "target_bars": 78, "attempt": 1}}
{"timestamp": "2026-09-12T20:39:03.137145+00:00", "level": "WARNING", "logger": "collector.backfill_gold_history", "message": "warm-up short of the true target \u2014 doubling the window and retrying", "context": {"timeframe": "M5", "bars_found": 1, "target_bars": 78, "old_window_days": 4, "new_window_days": 8}}
{"timestamp": "2026-09-12T20:39:03.137145+00:00", "level": "INFO", "logger": "collector.backfill_gold_history", "message": "warm-up fetch", "context": {"timeframe": "M5", "window_days": 8, "bars_found": 1, "target_bars": 78, "attempt": 2}}
{"timestamp": "2026-09-12T20:39:03.138142+00:00", "level": "WARNING", "logger": "collector.backfill_gold_history", "message": "warm-up short of the true target \u2014 doubling the window and retrying", "context": {"timeframe": "M5", "bars_found": 1, "target_bars": 78, "old_window_days": 8, "new_window_days": 16}}
{"timestamp": "2026-09-12T20:39:03.138142+00:00", "level": "INFO", "logger": "collector.backfill_gold_history", "message": "warm-up fetch", "context": {"timeframe": "M5", "window_days": 16, "bars_found": 1, "target_bars": 78, "attempt": 3}}
{"timestamp": "2026-09-12T20:39:03.138142+00:00", "level": "WARNING", "logger": "collector.backfill_gold_history", "message": "warm-up short of the true target \u2014 doubling the window and retrying", "context": {"timeframe": "M5", "bars_found": 1, "target_bars": 78, "old_window_days": 16, "new_window_days": 32}}
{"timestamp": "2026-09-12T20:39:03.139142+00:00", "level": "INFO", "logger": "collector.backfill_gold_history", "message": "warm-up fetch", "context": {"timeframe": "M5", "window_days": 32, "bars_found": 2, "target_bars": 78, "attempt": 4}}
{"timestamp": "2026-09-12T20:39:03.140131+00:00", "level": "WARNING", "logger": "collector.backfill_gold_history", "message": "warm-up short of the true target \u2014 doubling the window and retrying", "context": {"timeframe": "M5", "bars_found": 2, "target_bars": 78, "old_window_days": 32, "new_window_days": 64}}
{"timestamp": "2026-09-12T20:39:03.141134+00:00", "level": "INFO", "logger": "collector.backfill_gold_history", "message": "warm-up fetch", "context": {"timeframe": "M5", "window_days": 64, "bars_found": 3, "target_bars": 78, "attempt": 5}}
{"timestamp": "2026-09-12T20:39:03.141134+00:00", "level": "WARNING", "logger": "collector.backfill_gold_history", "message": "warm-up short of the true target \u2014 doubling the window and retrying", "context": {"timeframe": "M5", "bars_found": 3, "target_bars": 78, "old_window_days": 64, "new_window_days": 128}}
{"timestamp": "2026-09-12T20:39:03.142144+00:00", "level": "INFO", "logger": "collector.backfill_gold_history", "message": "warm-up fetch", "context": {"timeframe": "M5", "window_days": 128, "bars_found": 5, "target_bars": 78, "attempt": 6}}
{"timestamp": "2026-09-12T20:39:03.143129+00:00", "level": "ERROR", "logger": "collector.backfill_gold_history", "message": "warm-up never reached the true target even after the maximum doublings", "context": {"timeframe": "M5", "bars_found": 5, "target_bars": 78}}
{"timestamp": "2026-09-12T20:39:08.816888+00:00", "level": "INFO", "logger": "collector.backfill_gold_history", "message": "warm-up fetch", "context": {"timeframe": "M15", "window_days": 5, "bars_found": 361, "target_bars": 78, "attempt": 0}}
{"timestamp": "2026-09-12T20:39:13.116995+00:00", "level": "INFO", "logger": "collector.backfill_gold_history", "message": "warm-up fetch", "context": {"timeframe": "M30", "window_days": 10, "bars_found": 365, "target_bars": 78, "attempt": 0}}
{"timestamp": "2026-09-12T20:39:16.758014+00:00", "level": "INFO", "logger": "collector.backfill_gold_history", "message": "warm-up fetch", "context": {"timeframe": "H1", "window_days": 30, "bars_found": 505, "target_bars": 78, "attempt": 0}}
{"timestamp": "2026-09-12T20:39:19.098518+00:00", "level": "INFO", "logger": "collector.backfill_gold_history", "message": "warm-up fetch", "context": {"timeframe": "H4", "window_days": 400, "bars_found": 1698, "target_bars": 1000, "attempt": 0}}
{"timestamp": "2026-09-12T20:39:22.956540+00:00", "level": "INFO", "logger": "collector.backfill_gold_history", "message": "warm-up fetch", "context": {"timeframe": "D1", "window_days": 500, "bars_found": 353, "target_bars": 78, "attempt": 0}}
{"timestamp": "2026-09-12T20:39:24.909712+00:00", "level": "INFO", "logger": "collector.backfill_gold_history", "message": "warm-up fetch", "context": {"timeframe": "W1", "window_days": 1095, "bars_found": 156, "target_bars": 78, "attempt": 0}}
{"timestamp": "2026-09-12T20:39:26.374062+00:00", "level": "INFO", "logger": "collector.backfill_gold_history", "message": "warm-up fetch", "context": {"timeframe": "MN1", "window_days": 3650, "bars_found": 119, "target_bars": 78, "attempt": 0}}
{"timestamp": "2026-09-12T20:40:04.463629+00:00", "level": "INFO", "logger": "collector.backfill_gold_history", "message": "re-checking an EMPTY_UNCONFIRMED candle interval (one independent second attempt)", "context": {"timeframe": "MN1", "range_start": "2026-08-19T00:00:00+00:00", "range_end": "2026-09-12T20:39:00.277149+00:00"}}
{"timestamp": "2026-09-12T20:40:05.352877+00:00", "level": "INFO", "logger": "collector.backfill_gold_history", "message": "skipping warm-up \u2014 no indicator in this project ever uses this timeframe", "context": {"timeframe": "M1"}}
{"timestamp": "2026-09-12T20:43:10.751734+00:00", "level": "WARNING", "logger": "collector.mt5_client", "message": "copy_ticks_range returned None", "context": {"symbol": "XAUUSD", "mt5_error": "Terminal: Call failed"}}
{"timestamp": "2026-09-12T20:43:10.751734+00:00", "level": "WARNING", "logger": "collector.backfill_gold_history", "message": "REPRESENTATIVE TICK DAY MEASURED", "context": {"date": "2024-02-29", "row_count": 0, "elapsed_seconds": 106.11}}
{"timestamp": "2026-09-12T20:44:59.434249+00:00", "level": "WARNING", "logger": "collector.mt5_client", "message": "copy_ticks_range returned None", "context": {"symbol": "XAUUSD", "mt5_error": "Terminal: Call failed"}}
{"timestamp": "2026-09-12T20:45:01.624304+00:00", "level": "INFO", "logger": "collector.backfill_gold_history", "message": "re-checking an EMPTY_UNCONFIRMED tick interval (one independent second attempt)", "context": {"range_start": "2024-02-29T22:00:00+00:00", "range_end": "2024-03-01T22:00:00+00:00"}}
